// Jest Snapshot v1, https://goo.gl/fbAQLP

exports[`Test ReactTags should render with expected props 1`] = `
Object {
  "allowAdditionFromPaste": true,
  "allowDeleteFromEmptyInput": true,
  "allowDragDrop": true,
  "allowUnique": true,
  "autocomplete": false,
  "autofocus": true,
  "delimiters": Array [
    10,
    13,
    9,
  ],
  "editable": false,
  "handleAddition": [Function],
  "handleDelete": [Function],
  "handleDrag": [Function],
  "handleUpdateTag": [Function],
  "inline": true,
  "inputFieldPosition": "inline",
  "inputProps": Object {},
  "labelField": "text",
  "placeholder": "Press enter to add new tag",
  "readOnly": false,
  "suggestions": Array [
    Object {
      "id": "Banana",
      "text": "Banana",
    },
    Object {
      "id": "Apple",
      "text": "Apple",
    },
    Object {
      "id": "Apricot",
      "text": "Apricot",
    },
    Object {
      "id": "Pear",
      "text": "Pear",
    },
    Object {
      "id": "Peach",
      "text": "Peach",
    },
  ],
  "tags": Array [
    Object {
      "id": "Apple",
      "text": "Apple",
    },
  ],
}
`;
