// Jest Snapshot v1, https://goo.gl/fbAQLP

exports[`Test ReactTags should render with expected props 1`] = `
{
  "handleDrag": [Function],
  "suggestions": [
    {
      "className": "",
      "id": "Banana",
      "text": "Banana",
    },
    {
      "className": "",
      "id": "Apple",
      "text": "Apple",
    },
    {
      "className": "",
      "id": "Apricot",
      "text": "Apricot",
    },
    {
      "className": "",
      "id": "Pear",
      "text": "Pear",
    },
    {
      "className": "",
      "id": "Peach",
      "text": "Peach",
    },
  ],
  "tags": [
    {
      "className": "",
      "id": "Apple",
      "text": "Apple",
    },
  ],
}
`;
